// Jest Snapshot v1, https://goo.gl/fbAQLP

exports[`Release Dialog Renders the environment locks normal release 1`] = `
<body>
  <div />
</body>
`;

exports[`Release Dialog Renders the environment locks normal release with deploymentMetadata set 1`] = `
<body>
  <div />
</body>
`;

exports[`Release Dialog Renders the environment locks two envs release 1`] = `
<body>
  <div />
</body>
`;

exports[`Release Dialog Renders the environment locks undeploy version release 1`] = `
<body>
  <div />
</body>
`;
