// Jest Snapshot v1, https://goo.gl/fbAQLP

exports[`Tooltip Renders a tooltip 1`] = `
<div
  class="tooltip-container"
  data-tooltip-delay-hide="1000000"
  data-tooltip-html="<div>I&#x27;m inside the tooltip</div>"
  data-tooltip-id="kuberpult-tooltip"
  data-tooltip-place="bottom"
  id="tooltiptest-tooltip"
>
  <button>
    click me
  </button>
</div>
`;
